Archive member included to satisfy reference by file (symbol)

c:/siliconlabs/simplicitystudio/v4/developer/toolchains/gnu_arm/7.2_2017q4/bin/../lib/gcc/arm-none-eabi/7.2.1/thumb/v7-m\libgcc.a(_aeabi_uldivmod.o)
                              ./emlib/em_usart.o (__aeabi_uldivmod)
c:/siliconlabs/simplicitystudio/v4/developer/toolchains/gnu_arm/7.2_2017q4/bin/../lib/gcc/arm-none-eabi/7.2.1/thumb/v7-m\libgcc.a(_udivmoddi4.o)
                              c:/siliconlabs/simplicitystudio/v4/developer/toolchains/gnu_arm/7.2_2017q4/bin/../lib/gcc/arm-none-eabi/7.2.1/thumb/v7-m\libgcc.a(_aeabi_uldivmod.o) (__udivmoddi4)
c:/siliconlabs/simplicitystudio/v4/developer/toolchains/gnu_arm/7.2_2017q4/bin/../lib/gcc/arm-none-eabi/7.2.1/thumb/v7-m\libgcc.a(_dvmd_tls.o)
                              c:/siliconlabs/simplicitystudio/v4/developer/toolchains/gnu_arm/7.2_2017q4/bin/../lib/gcc/arm-none-eabi/7.2.1/thumb/v7-m\libgcc.a(_aeabi_uldivmod.o) (__aeabi_ldiv0)
c:/siliconlabs/simplicitystudio/v4/developer/toolchains/gnu_arm/7.2_2017q4/bin/../lib/gcc/arm-none-eabi/7.2.1/../../../../arm-none-eabi/lib/thumb/v7-m\libc_nano.a(lib_a-abs.o)
                              ./emlib/segmentlcd.o (abs)
c:/siliconlabs/simplicitystudio/v4/developer/toolchains/gnu_arm/7.2_2017q4/bin/../lib/gcc/arm-none-eabi/7.2.1/../../../../arm-none-eabi/lib/thumb/v7-m\libc_nano.a(lib_a-exit.o)
                              c:/siliconlabs/simplicitystudio/v4/developer/toolchains/gnu_arm/7.2_2017q4/bin/../lib/gcc/arm-none-eabi/7.2.1/../../../../arm-none-eabi/lib/thumb/v7-m/crt0.o (exit)
c:/siliconlabs/simplicitystudio/v4/developer/toolchains/gnu_arm/7.2_2017q4/bin/../lib/gcc/arm-none-eabi/7.2.1/../../../../arm-none-eabi/lib/thumb/v7-m\libc_nano.a(lib_a-impure.o)
                              c:/siliconlabs/simplicitystudio/v4/developer/toolchains/gnu_arm/7.2_2017q4/bin/../lib/gcc/arm-none-eabi/7.2.1/../../../../arm-none-eabi/lib/thumb/v7-m\libc_nano.a(lib_a-exit.o) (_global_impure_ptr)
c:/siliconlabs/simplicitystudio/v4/developer/toolchains/gnu_arm/7.2_2017q4/bin/../lib/gcc/arm-none-eabi/7.2.1/../../../../arm-none-eabi/lib/thumb/v7-m\libc_nano.a(lib_a-init.o)
                              c:/siliconlabs/simplicitystudio/v4/developer/toolchains/gnu_arm/7.2_2017q4/bin/../lib/gcc/arm-none-eabi/7.2.1/../../../../arm-none-eabi/lib/thumb/v7-m/crt0.o (__libc_init_array)
c:/siliconlabs/simplicitystudio/v4/developer/toolchains/gnu_arm/7.2_2017q4/bin/../lib/gcc/arm-none-eabi/7.2.1/../../../../arm-none-eabi/lib/thumb/v7-m\libc_nano.a(lib_a-memset.o)
                              c:/siliconlabs/simplicitystudio/v4/developer/toolchains/gnu_arm/7.2_2017q4/bin/../lib/gcc/arm-none-eabi/7.2.1/../../../../arm-none-eabi/lib/thumb/v7-m/crt0.o (memset)
c:/siliconlabs/simplicitystudio/v4/developer/toolchains/gnu_arm/7.2_2017q4/bin/../lib/gcc/arm-none-eabi/7.2.1/../../../../arm-none-eabi/lib/thumb/v7-m\libc_nano.a(lib_a-rand.o)
                              ./src/display.o (srand)
c:/siliconlabs/simplicitystudio/v4/developer/toolchains/gnu_arm/7.2_2017q4/bin/../lib/gcc/arm-none-eabi/7.2.1/../../../../arm-none-eabi/lib/thumb/v7-m\libc_nano.a(lib_a-strlen.o)
                              ./emlib/segmentlcd.o (strlen)
c:/siliconlabs/simplicitystudio/v4/developer/toolchains/gnu_arm/7.2_2017q4/bin/../lib/gcc/arm-none-eabi/7.2.1/../../../../arm-none-eabi/lib/thumb/v7-m\libc_nano.a(lib_a-strncpy.o)
                              ./src/display.o (strncpy)
c:/siliconlabs/simplicitystudio/v4/developer/toolchains/gnu_arm/7.2_2017q4/bin/../lib/gcc/arm-none-eabi/7.2.1/../../../../arm-none-eabi/lib/thumb/v7-m\libc_nano.a(lib_a-malloc.o)
                              c:/siliconlabs/simplicitystudio/v4/developer/toolchains/gnu_arm/7.2_2017q4/bin/../lib/gcc/arm-none-eabi/7.2.1/../../../../arm-none-eabi/lib/thumb/v7-m\libc_nano.a(lib_a-rand.o) (malloc)
c:/siliconlabs/simplicitystudio/v4/developer/toolchains/gnu_arm/7.2_2017q4/bin/../lib/gcc/arm-none-eabi/7.2.1/../../../../arm-none-eabi/lib/thumb/v7-m\libc_nano.a(lib_a-nano-freer.o)
                              c:/siliconlabs/simplicitystudio/v4/developer/toolchains/gnu_arm/7.2_2017q4/bin/../lib/gcc/arm-none-eabi/7.2.1/../../../../arm-none-eabi/lib/thumb/v7-m\libc_nano.a(lib_a-malloc.o) (_free_r)
c:/siliconlabs/simplicitystudio/v4/developer/toolchains/gnu_arm/7.2_2017q4/bin/../lib/gcc/arm-none-eabi/7.2.1/../../../../arm-none-eabi/lib/thumb/v7-m\libc_nano.a(lib_a-nano-mallocr.o)
                              c:/siliconlabs/simplicitystudio/v4/developer/toolchains/gnu_arm/7.2_2017q4/bin/../lib/gcc/arm-none-eabi/7.2.1/../../../../arm-none-eabi/lib/thumb/v7-m\libc_nano.a(lib_a-malloc.o) (_malloc_r)
c:/siliconlabs/simplicitystudio/v4/developer/toolchains/gnu_arm/7.2_2017q4/bin/../lib/gcc/arm-none-eabi/7.2.1/../../../../arm-none-eabi/lib/thumb/v7-m\libc_nano.a(lib_a-sbrkr.o)
[...]
Memory Configuration

Name             Origin             Length             Attributes
FLASH            0x00000000         0x00100000         xr
RAM              0x20000000         0x00020000         xrw
*default*        0x00000000         0xffffffff

Linker script and memory map

LOAD c:/siliconlabs/simplicitystudio/v4/developer/toolchains/gnu_arm/7.2_2017q4/bin/../lib/gcc/arm-none-eabi/7.2.1/thumb/v7-m/crti.o
LOAD c:/siliconlabs/simplicitystudio/v4/developer/toolchains/gnu_arm/7.2_2017q4/bin/../lib/gcc/arm-none-eabi/7.2.1/thumb/v7-m/crtbegin.o
LOAD c:/siliconlabs/simplicitystudio/v4/developer/toolchains/gnu_arm/7.2_2017q4/bin/../lib/gcc/arm-none-eabi/7.2.1/../../../../arm-none-eabi/lib/thumb/v7-m/crt0.o
LOAD ./CMSIS/EFM32GG/startup_efm32gg.o
LOAD ./CMSIS/EFM32GG/system_efm32gg.o
LOAD ./emlib/em_cmu.o
LOAD ./emlib/em_gpio.o
LOAD ./emlib/em_lcd.o
LOAD ./emlib/em_system.o
LOAD ./emlib/em_usart.o
LOAD ./emlib/segmentlcd.o
LOAD ./src/control.o
LOAD ./src/display.o
LOAD ./src/main.o
LOAD ./src/segmentlcd_individual.o
LOAD ./src/uart.o
START GROUP
LOAD c:/siliconlabs/simplicitystudio/v4/developer/toolchains/gnu_arm/7.2_2017q4/bin/../lib/gcc/arm-none-eabi/7.2.1/thumb/v7-m\libgcc.a
LOAD c:/siliconlabs/simplicitystudio/v4/developer/toolchains/gnu_arm/7.2_2017q4/bin/../lib/gcc/arm-none-eabi/7.2.1/../../../../arm-none-eabi/lib/thumb/v7-m\libc_nano.a
LOAD c:/siliconlabs/simplicitystudio/v4/developer/toolchains/gnu_arm/7.2_2017q4/bin/../lib/gcc/arm-none-eabi/7.2.1/../../../../arm-none-eabi/lib/thumb/v7-m\libnosys.a
END GROUP
START GROUP
LOAD c:/siliconlabs/simplicitystudio/v4/developer/toolchains/gnu_arm/7.2_2017q4/bin/../lib/gcc/arm-none-eabi/7.2.1/thumb/v7-m\libgcc.a
LOAD c:/siliconlabs/simplicitystudio/v4/developer/toolchains/gnu_arm/7.2_2017q4/bin/../lib/gcc/arm-none-eabi/7.2.1/../../../../arm-none-eabi/lib/thumb/v7-m\libg_nano.a
LOAD c:/siliconlabs/simplicitystudio/v4/developer/toolchains/gnu_arm/7.2_2017q4/bin/../lib/gcc/arm-none-eabi/7.2.1/../../../../arm-none-eabi/lib/thumb/v7-m\libc_nano.a
END GROUP
START GROUP
LOAD c:/siliconlabs/simplicitystudio/v4/developer/toolchains/gnu_arm/7.2_2017q4/bin/../lib/gcc/arm-none-eabi/7.2.1/thumb/v7-m\libgcc.a
LOAD c:/siliconlabs/simplicitystudio/v4/developer/toolchains/gnu_arm/7.2_2017q4/bin/../lib/gcc/arm-none-eabi/7.2.1/../../../../arm-none-eabi/lib/thumb/v7-m\libc_nano.a
END GROUP
LOAD c:/siliconlabs/simplicitystudio/v4/developer/toolchains/gnu_arm/7.2_2017q4/bin/../lib/gcc/arm-none-eabi/7.2.1/thumb/v7-m/crtend.o
LOAD c:/siliconlabs/simplicitystudio/v4/developer/toolchains/gnu_arm/7.2_2017q4/bin/../lib/gcc/arm-none-eabi/7.2.1/thumb/v7-m/crtn.o

.text           0x00000000     0x3564
 *(.vectors)
 .vectors       0x00000000       0xdc ./CMSIS/EFM32GG/startup_efm32gg.o
                0x00000000                __Vectors
                0x000000dc                __Vectors_End = .
                0x000000dc                __Vectors_Size = (__Vectors_End - __Vectors)
                0x000000dc                __end__ = .
 *(.text*)
 .text          0x000000dc       0x40 c:/siliconlabs/simplicitystudio/v4/developer/toolchains/gnu_arm/7.2_2017q4/bin/../lib/gcc/arm-none-eabi/7.2.1/thumb/v7-m/crtbegin.o
 .text          0x0000011c       0x74 c:/siliconlabs/simplicitystudio/v4/developer/toolchains/gnu_arm/7.2_2017q4/bin/../lib/gcc/arm-none-eabi/7.2.1/../../../../arm-none-eabi/lib/thumb/v7-m/crt0.o
                0x0000011c                _start
                0x0000011c                _mainCRTStartup
 .text          0x00000190       0x30 ./CMSIS/EFM32GG/startup_efm32gg.o
                0x00000190                Reset_Handler
                0x000001bc                DebugMon_Handler
                0x000001bc                USART0_TX_IRQHandler
                0x000001bc                I2C0_IRQHandler
                0x000001bc                HardFault_Handler
                0x000001bc                LEUART1_IRQHandler
                0x000001bc                USART1_RX_IRQHandler
                0x000001bc                PendSV_Handler
                0x000001bc                NMI_Handler
                0x000001bc                I2C1_IRQHandler
                0x000001bc                TIMER3_IRQHandler
                0x000001bc                USART1_TX_IRQHandler
                0x000001bc                MSC_IRQHandler
                0x000001bc                ADC0_IRQHandler
                0x000001bc                UsageFault_Handler
                0x000001bc                LEUART0_IRQHandler
                0x000001bc                GPIO_EVEN_IRQHandler
                0x000001bc                UART0_TX_IRQHandler
                0x000001bc                UART1_TX_IRQHandler
                0x000001bc                RTC_IRQHandler
                0x000001bc                TIMER0_IRQHandler
                0x000001bc                TIMER2_IRQHandler
                0x000001bc                LCD_IRQHandler
                0x000001bc                PCNT2_IRQHandler
                0x000001bc                LETIMER0_IRQHandler
                0x000001bc                TIMER1_IRQHandler
                0x000001bc                USART2_RX_IRQHandler
                0x000001bc                Default_Handler
                0x000001bc                EMU_IRQHandler
                0x000001bc                PCNT0_IRQHandler
                0x000001bc                sl_app_properties
                0x000001bc                USB_IRQHandler
                0x000001bc                BURTC_IRQHandler
                0x000001bc                PCNT1_IRQHandler
                0x000001bc                ACMP0_IRQHandler
                0x000001bc                USART0_RX_IRQHandler
                0x000001bc                MemManage_Handler
                0x000001bc                SVC_Handler
                0x000001bc                DAC0_IRQHandler
                0x000001bc                UART1_RX_IRQHandler
                0x000001bc                CMU_IRQHandler
                0x000001bc                EBI_IRQHandler
                0x000001bc                LESENSE_IRQHandler
                0x000001bc                GPIO_ODD_IRQHandler
                0x000001bc                AES_IRQHandler
                0x000001bc                VCMP_IRQHandler
                0x000001bc                DMA_IRQHandler
                0x000001bc                BusFault_Handler
                0x000001bc                USART2_TX_IRQHandler
 .text.GetProdRev
                0x000001c0       0x18 ./CMSIS/EFM32GG/system_efm32gg.o
 .text.SystemCoreClockGet
                0x000001d8       0x34 ./CMSIS/EFM32GG/system_efm32gg.o
                0x000001d8                SystemCoreClockGet
 .text.SystemMaxCoreClockGet
                0x0000020c       0x14 ./CMSIS/EFM32GG/system_efm32gg.o
                0x0000020c                SystemMaxCoreClockGet
 .text.SystemHFClockGet
                0x00000220      0x100 ./CMSIS/EFM32GG/system_efm32gg.o
                0x00000220                SystemHFClockGet
 .text.SystemHFXOClockGet
                0x00000320       0x14 ./CMSIS/EFM32GG/system_efm32gg.o
                0x00000320                SystemHFXOClockGet
 .text.SystemInit
                0x00000334       0x1c ./CMSIS/EFM32GG/system_efm32gg.o
                0x00000334                SystemInit
 .text.SystemLFRCOClockGet
                0x00000350       0x10 ./CMSIS/EFM32GG/system_efm32gg.o
                0x00000350                SystemLFRCOClockGet
 .text.SystemULFRCOClockGet
                0x00000360       0x10 ./CMSIS/EFM32GG/system_efm32gg.o
                0x00000360                SystemULFRCOClockGet
 .text.SystemLFXOClockGet
                0x00000370       0x14 ./CMSIS/EFM32GG/system_efm32gg.o
                0x00000370                SystemLFXOClockGet
 .text.BUS_RegBitWrite
                0x00000384       0x2c ./emlib/em_cmu.o
 .text.BUS_RegBitRead
                0x000003b0       0x28 ./emlib/em_cmu.o
 .text.CMU_DivToLog2
                0x000003d8       0x30 ./emlib/em_cmu.o
 .text.SYSTEM_GetProdRev
                0x00000408       0x18 ./emlib/em_cmu.o
 .text.SYSTEM_GetFamily
                0x00000420       0x18 ./emlib/em_cmu.o
 .text.maxFreqHfle
                0x00000438       0x7c ./emlib/em_cmu.o
 .text.setHfLeConfig
                0x000004b4       0x64 ./emlib/em_cmu.o
 .text.getHfLeConfig
                0x00000518       0x20 ./emlib/em_cmu.o
 .text.auxClkGet
                0x00000538       0xb0 ./emlib/em_cmu.o
 .text.dbgClkGet
                0x000005e8       0x40 ./emlib/em_cmu.o
 .text.flashWaitStateControl
                0x00000628       0x98 ./emlib/em_cmu.o
 .text.flashWaitStateMax
                0x000006c0       0x44 ./emlib/em_cmu.o
 .text.CMU_UpdateWaitStates
                0x00000704       0x40 ./emlib/em_cmu.o
                0x00000704                CMU_UpdateWaitStates
 .text.lfClkGet
                0x00000744       0xec ./emlib/em_cmu.o
 .text.syncReg  0x00000830       0x34 ./emlib/em_cmu.o
 .text.usbCClkGet
                0x00000864       0x4c ./emlib/em_cmu.o
 .text.hfperClkSafePrescaler
                0x000008b0        0xc ./emlib/em_cmu.o
 .text.hfperClkOptimizedPrescaler
                0x000008bc        0xc ./emlib/em_cmu.o
 .text.CMU_ClockDivSet
                0x000008c8      0x22c ./emlib/em_cmu.o
                0x000008c8                CMU_ClockDivSet
 .text.CMU_ClockEnable
                0x00000af4       0xd0 ./emlib/em_cmu.o
                0x00000af4                CMU_ClockEnable
 .text.CMU_ClockFreqGet
                0x00000bc4      0x1d8 ./emlib/em_cmu.o
                0x00000bc4                CMU_ClockFreqGet
 .text.CMU_ClockSelectGet
                0x00000d9c      0x15c ./emlib/em_cmu.o
                0x00000d9c                CMU_ClockSelectGet
 .text.CMU_ClockSelectSet
                0x00000ef8      0x2a4 ./emlib/em_cmu.o
                0x00000ef8                CMU_ClockSelectSet
 .text.CMU_LCDClkFDIVSet
                0x0000119c       0x3c ./emlib/em_cmu.o
                0x0000119c                CMU_LCDClkFDIVSet
 .text.CMU_OscillatorEnable
                0x000011d8       0xbc ./emlib/em_cmu.o
                0x000011d8                CMU_OscillatorEnable
 .text.GPIO_PinOutClear
                0x00001294       0x58 ./emlib/em_gpio.o
 .text.GPIO_PinOutSet
                0x000012ec       0x58 ./emlib/em_gpio.o
 .text.GPIO_PinModeSet
                0x00001344      0x118 ./emlib/em_gpio.o
                0x00001344                GPIO_PinModeSet
 .text.LCD_Enable
                0x0000145c       0x38 ./emlib/em_lcd.o
 .text.BUS_RegBitWrite
                0x00001494       0x2c ./emlib/em_lcd.o
 .text.LCD_Init
                0x000014c0       0x78 ./emlib/em_lcd.o
                0x000014c0                LCD_Init
 .text.LCD_VLCDSelect
                0x00001538       0x44 ./emlib/em_lcd.o
                0x00001538                LCD_VLCDSelect
 .text.LCD_SegmentRangeEnable
                0x0000157c       0x40 ./emlib/em_lcd.o
                0x0000157c                LCD_SegmentRangeEnable
 .text.LCD_SegmentSet
                0x000015bc      0x1c8 ./emlib/em_lcd.o
                0x000015bc                LCD_SegmentSet
 .text.LCD_SegmentSetLow
                0x00001784      0x17c ./emlib/em_lcd.o
                0x00001784                LCD_SegmentSetLow
 .text.LCD_SegmentSetHigh
                0x00001900      0x17c ./emlib/em_lcd.o
                0x00001900                LCD_SegmentSetHigh
 .text.LCD_VBoostSet
                0x00001a7c       0x28 ./emlib/em_lcd.o
                0x00001a7c                LCD_VBoostSet
 .text.SYSTEM_ChipRevisionGet
                0x00001aa4       0x78 ./emlib/em_system.o
                0x00001aa4                SYSTEM_ChipRevisionGet
 .text.prsRxInput
                0x00001b1c       0x24 ./emlib/em_usart.o
 .text.USART_BaudrateAsyncSet
                0x00001b40       0xb0 ./emlib/em_usart.o
                0x00001b40                USART_BaudrateAsyncSet
 .text.USART_InitAsync
                0x00001bf0       0xc4 ./emlib/em_usart.o
                0x00001bf0                USART_InitAsync
 .text.USART_Reset
                0x00001cb4       0xb0 ./emlib/em_usart.o
                0x00001cb4                USART_Reset
 .text.LCD_FreezeEnable
                0x00001d64       0x2c ./emlib/segmentlcd.o
 .text.LCD_SyncBusyDelay
                0x00001d90       0x24 ./emlib/segmentlcd.o
 .text.LCD_IntDisable
                0x00001db4       0x24 ./emlib/segmentlcd.o
 .text.SegmentLCD_AllOff
                0x00001dd8       0xac ./emlib/segmentlcd.o
                0x00001dd8                SegmentLCD_AllOff
 .text.SegmentLCD_AlphaNumberOff
                0x00001e84       0xa8 ./emlib/segmentlcd.o
                0x00001e84                SegmentLCD_AlphaNumberOff
 .text.SegmentLCD_Init
                0x00001f2c       0xb8 ./emlib/segmentlcd.o
                0x00001f2c                SegmentLCD_Init
 .text.SegmentLCD_Number
                0x00001fe4      0x128 ./emlib/segmentlcd.o
                0x00001fe4                SegmentLCD_Number
 .text.SegmentLCD_NumberOff
                0x0000210c       0x4e ./emlib/segmentlcd.o
                0x0000210c                SegmentLCD_NumberOff
 *fill*         0x0000215a        0x2 
 .text.SegmentLCD_Write
                0x0000215c       0xd8 ./emlib/segmentlcd.o
                0x0000215c                SegmentLCD_Write
 .text.SegmentLCD_ARing
                0x00002234       0x54 ./emlib/segmentlcd.o
                0x00002234                SegmentLCD_ARing
 .text.editActive
                0x00002288       0xac ./src/control.o
                0x00002288                editActive
 .text.storeHits
                0x00002334       0x78 ./src/control.o
                0x00002334                storeHits
 .text.fire     0x000023ac       0x68 ./src/control.o
                0x000023ac                fire
 .text.win      0x00002414       0x50 ./src/control.o
                0x00002414                win
 .text.SysTick_Handler
                0x00002464       0x1c ./src/display.o
                0x00002464                SysTick_Handler
 .text.Delay    0x00002480       0x2c ./src/display.o
                0x00002480                Delay
 .text.starter  0x000024ac       0xc8 ./src/display.o
                0x000024ac                starter
 .text.blink    0x00002574      0x380 ./src/display.o
                0x00002574                blink
 .text.setRing  0x000028f4       0xaa ./src/display.o
                0x000028f4                setRing
 *fill*         0x0000299e        0x2 
 .text.windisplay
                0x000029a0       0x30 ./src/display.o
                0x000029a0                windisplay
 .text.__NVIC_SetPriority
                0x000029d0       0x54 ./src/main.o
 .text.SysTick_Config
                0x00002a24       0x44 ./src/main.o
 .text.SYSTEM_GetProdRev
                0x00002a68       0x18 ./src/main.o
 .text.CHIP_Init
                0x00002a80       0x48 ./src/main.o
 .text.main     0x00002ac8      0x104 ./src/main.o
                0x00002ac8                main
 .text.LCD_FreezeEnable
                0x00002bcc       0x2c ./src/segmentlcd_individual.o
 .text.LCD_SyncBusyDelay
                0x00002bf8       0x24 ./src/segmentlcd_individual.o
 .text.SegmentLCD_LowerSegments
                0x00002c1c       0xb0 ./src/segmentlcd_individual.o
                0x00002c1c                SegmentLCD_LowerSegments
 .text.__NVIC_EnableIRQ
                0x00002ccc       0x38 ./src/uart.o
 .text.__NVIC_ClearPendingIRQ
                0x00002d04       0x3c ./src/uart.o
 .text.USART_IntClear
                0x00002d40       0x1a ./src/uart.o
 .text.USART_IntEnable
                0x00002d5a       0x20 ./src/uart.o
 .text.USART_RxDataGet
                0x00002d7a       0x18 ./src/uart.o
 *fill*         0x00002d92        0x2 
 .text.uartInit
                0x00002d94       0xa8 ./src/uart.o
                0x00002d94                uartInit
 .text.UART0_RX_IRQHandler
                0x00002e3c       0x84 ./src/uart.o
                0x00002e3c                UART0_RX_IRQHandler
 .text.abs      0x00002ec0        0x8 c:/siliconlabs/simplicitystudio/v4/developer/toolchains/gnu_arm/7.2_2017q4/bin/../lib/gcc/arm-none-eabi/7.2.1/../../../../arm-none-eabi/lib/thumb/v7-m\libc_nano.a(lib_a-abs.o)
                0x00002ec0                abs
 .text.exit     0x00002ec8       0x28 c:/siliconlabs/simplicitystudio/v4/developer/toolchains/gnu_arm/7.2_2017q4/bin/../lib/gcc/arm-none-eabi/7.2.1/../../../../arm-none-eabi/lib/thumb/v7-m\libc_nano.a(lib_a-exit.o)
                0x00002ec8                exit
 .text.__libc_init_array
                0x00002ef0       0x48 c:/siliconlabs/simplicitystudio/v4/developer/toolchains/gnu_arm/7.2_2017q4/bin/../lib/gcc/arm-none-eabi/7.2.1/../../../../arm-none-eabi/lib/thumb/v7-m\libc_nano.a(lib_a-init.o)
                0x00002ef0                __libc_init_array
 .text.memset   0x00002f38       0x10 c:/siliconlabs/simplicitystudio/v4/developer/toolchains/gnu_arm/7.2_2017q4/bin/../lib/gcc/arm-none-eabi/7.2.1/../../../../arm-none-eabi/lib/thumb/v7-m\libc_nano.a(lib_a-memset.o)
                0x00002f38                memset
 .text.srand    0x00002f48       0x48 c:/siliconlabs/simplicitystudio/v4/developer/toolchains/gnu_arm/7.2_2017q4/bin/../lib/gcc/arm-none-eabi/7.2.1/../../../../arm-none-eabi/lib/thumb/v7-m\libc_nano.a(lib_a-rand.o)
                0x00002f48                srand
 .text.rand     0x00002f90       0x68 c:/siliconlabs/simplicitystudio/v4/developer/toolchains/gnu_arm/7.2_2017q4/bin/../lib/gcc/arm-none-eabi/7.2.1/../../../../arm-none-eabi/lib/thumb/v7-m\libc_nano.a(lib_a-rand.o)
                0x00002f90                rand
 .text          0x00002ff8       0x10 c:/siliconlabs/simplicitystudio/v4/developer/toolchains/gnu_arm/7.2_2017q4/bin/../lib/gcc/arm-none-eabi/7.2.1/../../../../arm-none-eabi/lib/thumb/v7-m\libc_nano.a(lib_a-strlen.o)
                0x00002ff8                strlen
 .text.strncpy  0x00003008       0x2a c:/siliconlabs/simplicitystudio/v4/developer/toolchains/gnu_arm/7.2_2017q4/bin/../lib/gcc/arm-none-eabi/7.2.1/../../../../arm-none-eabi/lib/thumb/v7-m\libc_nano.a(lib_a-strncpy.o)
                0x00003008                strncpy
 *fill*         0x00003032        0x2 
 .text.malloc   0x00003034       0x10 c:/siliconlabs/simplicitystudio/v4/developer/toolchains/gnu_arm/7.2_2017q4/bin/../lib/gcc/arm-none-eabi/7.2.1/../../../../arm-none-eabi/lib/thumb/v7-m\libc_nano.a(lib_a-malloc.o)
                0x00003034                malloc
 .text._malloc_r
                0x00003044       0xb4 c:/siliconlabs/simplicitystudio/v4/developer/toolchains/gnu_arm/7.2_2017q4/bin/../lib/gcc/arm-none-eabi/7.2.1/../../../../arm-none-eabi/lib/thumb/v7-m\libc_nano.a(lib_a-nano-mallocr.o)
                0x00003044                _malloc_r
 .text._sbrk_r  0x000030f8       0x20 c:/siliconlabs/simplicitystudio/v4/developer/toolchains/gnu_arm/7.2_2017q4/bin/../lib/gcc/arm-none-eabi/7.2.1/../../../../arm-none-eabi/lib/thumb/v7-m\libc_nano.a(lib_a-sbrkr.o)
                0x000030f8                _sbrk_r
 .text.__malloc_lock
                0x00003118        0x2 c:/siliconlabs/simplicitystudio/v4/developer/toolchains/gnu_arm/7.2_2017q4/bin/../lib/gcc/arm-none-eabi/7.2.1/../../../../arm-none-eabi/lib/thumb/v7-m\libc_nano.a(lib_a-mlock.o)
                0x00003118                __malloc_lock
 .text.__malloc_unlock
                0x0000311a        0x2 c:/siliconlabs/simplicitystudio/v4/developer/toolchains/gnu_arm/7.2_2017q4/bin/../lib/gcc/arm-none-eabi/7.2.1/../../../../arm-none-eabi/lib/thumb/v7-m\libc_nano.a(lib_a-mlock.o)
                0x0000311a                __malloc_unlock
 .text._sbrk    0x0000311c       0x1c c:/siliconlabs/simplicitystudio/v4/developer/toolchains/gnu_arm/7.2_2017q4/bin/../lib/gcc/arm-none-eabi/7.2.1/../../../../arm-none-eabi/lib/thumb/v7-m\libnosys.a(sbrk.o)
                0x0000311c                _sbrk
 .text._exit    0x00003138        0x4 c:/siliconlabs/simplicitystudio/v4/developer/toolchains/gnu_arm/7.2_2017q4/bin/../lib/gcc/arm-none-eabi/7.2.1/../../../../arm-none-eabi/lib/thumb/v7-m\libnosys.a(_exit.o)
                0x00003138                _exit
 *(.init)
 .init          0x0000313c        0x4 c:/siliconlabs/simplicitystudio/v4/developer/toolchains/gnu_arm/7.2_2017q4/bin/../lib/gcc/arm-none-eabi/7.2.1/thumb/v7-m/crti.o
                0x0000313c                _init
 .init          0x00003140        0x8 c:/siliconlabs/simplicitystudio/v4/developer/toolchains/gnu_arm/7.2_2017q4/bin/../lib/gcc/arm-none-eabi/7.2.1/thumb/v7-m/crtn.o
 *(.fini)
 .fini          0x00003148        0x4 c:/siliconlabs/simplicitystudio/v4/developer/toolchains/gnu_arm/7.2_2017q4/bin/../lib/gcc/arm-none-eabi/7.2.1/thumb/v7-m/crti.o
                0x00003148                _fini
 .fini          0x0000314c        0x8 c:/siliconlabs/simplicitystudio/v4/developer/toolchains/gnu_arm/7.2_2017q4/bin/../lib/gcc/arm-none-eabi/7.2.1/thumb/v7-m/crtn.o
 *crtbegin.o(.ctors)
 *crtbegin?.o(.ctors)
 *(EXCLUDE_FILE(*crtend.o *crtend?.o) .ctors)
 *(SORT_BY_NAME(.ctors.*))
 *(.ctors)
 *crtbegin.o(.dtors)
 *crtbegin?.o(.dtors)
 *(EXCLUDE_FILE(*crtend.o *crtend?.o) .dtors)
 *(SORT_BY_NAME(.dtors.*))
 *(.dtors)
 *(.rodata*)
 .rodata.EFM_Display
                0x00003154      0x1fe ./emlib/segmentlcd.o
 *fill*         0x00003352        0x2 
 .rodata.Segment_Alphabet
                0x00003354       0xb8 ./emlib/segmentlcd.o
 .rodata.Segment_Numbers
                0x0000340c       0x22 ./emlib/segmentlcd.o
 *fill*         0x0000342e        0x2 
 .rodata.lcdInit
                0x00003430       0x14 ./emlib/segmentlcd.o
 .rodata        0x00003444       0x20 ./src/display.o
 .rodata.ships  0x00003464       0xe0 ./src/main.o
                0x00003464                ships
 .rodata        0x00003544       0x18 ./src/uart.o
 .rodata._global_impure_ptr
                0x0000355c        0x4 c:/siliconlabs/simplicitystudio/v4/developer/toolchains/gnu_arm/7.2_2017q4/bin/../lib/gcc/arm-none-eabi/7.2.1/../../../../arm-none-eabi/lib/thumb/v7-m\libc_nano.a(lib_a-impure.o)
                0x0000355c                _global_impure_ptr
 *(.eh_frame*)
 .eh_frame      0x00003560        0x0 c:/siliconlabs/simplicitystudio/v4/developer/toolchains/gnu_arm/7.2_2017q4/bin/../lib/gcc/arm-none-eabi/7.2.1/thumb/v7-m/crtbegin.o
 .eh_frame      0x00003560        0x4 c:/siliconlabs/simplicitystudio/v4/developer/toolchains/gnu_arm/7.2_2017q4/bin/../lib/gcc/arm-none-eabi/7.2.1/thumb/v7-m/crtend.o

.glue_7         0x00003564        0x0
 .glue_7        0x00003564        0x0 linker stubs

.glue_7t        0x00003564        0x0
 .glue_7t       0x00003564        0x0 linker stubs

.vfp11_veneer   0x00003564        0x0
 .vfp11_veneer  0x00003564        0x0 linker stubs

.v4_bx          0x00003564        0x0
 .v4_bx         0x00003564        0x0 linker stubs

.iplt           0x00003564        0x0
 .iplt          0x00003564        0x0 c:/siliconlabs/simplicitystudio/v4/developer/toolchains/gnu_arm/7.2_2017q4/bin/../lib/gcc/arm-none-eabi/7.2.1/thumb/v7-m/crtbegin.o

.ARM.extab
 *(.ARM.extab* .gnu.linkonce.armextab.*)
                0x00003564                __exidx_start = .

.ARM.exidx      0x00003564        0x8
 *(.ARM.exidx* .gnu.linkonce.armexidx.*)
 .ARM.exidx     0x00003564        0x8 c:/siliconlabs/simplicitystudio/v4/developer/toolchains/gnu_arm/7.2_2017q4/bin/../lib/gcc/arm-none-eabi/7.2.1/../../../../arm-none-eabi/lib/thumb/v7-m/crt0.o
                0x0000356c                __exidx_end = .
                0x0000356c                __etext = .

.rel.dyn        0x0000356c        0x0
 .rel.iplt      0x0000356c        0x0 c:/siliconlabs/simplicitystudio/v4/developer/toolchains/gnu_arm/7.2_2017q4/bin/../lib/gcc/arm-none-eabi/7.2.1/thumb/v7-m/crtbegin.o

.data           0x20000000      0x140 load address 0x0000356c
                0x20000000                __data_start__ = .
 *(vtable)
 *(.data*)
 .data.SystemHFXOClock
                0x20000000        0x4 ./CMSIS/EFM32GG/system_efm32gg.o
 .data.SystemLFXOClock
                0x20000004        0x4 ./CMSIS/EFM32GG/system_efm32gg.o
 .data.SystemCoreClock
                0x20000008        0x4 ./CMSIS/EFM32GG/system_efm32gg.o
                0x20000008                SystemCoreClock
 .data.control  0x2000000c        0x1 ./src/main.o
                0x2000000c                control
 *fill*         0x2000000d        0x3 
 .data.Text     0x20000010       0xc4 ./src/segmentlcd_individual.o
                0x20000010                Text
 .data._impure_ptr
                0x200000d4        0x4 c:/siliconlabs/simplicitystudio/v4/developer/toolchains/gnu_arm/7.2_2017q4/bin/../lib/gcc/arm-none-eabi/7.2.1/../../../../arm-none-eabi/lib/thumb/v7-m\libc_nano.a(lib_a-impure.o)
                0x200000d4                _impure_ptr
 .data.impure_data
                0x200000d8       0x60 c:/siliconlabs/simplicitystudio/v4/developer/toolchains/gnu_arm/7.2_2017q4/bin/../lib/gcc/arm-none-eabi/7.2.1/../../../../arm-none-eabi/lib/thumb/v7-m\libc_nano.a(lib_a-impure.o)
                0x20000138                . = ALIGN (0x4)
                [!provide]                PROVIDE (__ram_func_section_start, .)
 *(.ram)
                [!provide]                PROVIDE (__ram_func_section_end, .)
                0x20000138                . = ALIGN (0x4)
                0x20000138                PROVIDE (__preinit_array_start, .)
 *(.preinit_array)
                0x20000138                PROVIDE (__preinit_array_end, .)
                0x20000138                . = ALIGN (0x4)
                0x20000138                PROVIDE (__init_array_start, .)
 *(SORT_BY_NAME(.init_array.*))
 *(.init_array)
 .init_array    0x20000138        0x4 c:/siliconlabs/simplicitystudio/v4/developer/toolchains/gnu_arm/7.2_2017q4/bin/../lib/gcc/arm-none-eabi/7.2.1/thumb/v7-m/crtbegin.o
                0x2000013c                PROVIDE (__init_array_end, .)
                0x2000013c                . = ALIGN (0x4)
                [!provide]                PROVIDE (__fini_array_start, .)
 *(SORT_BY_NAME(.fini_array.*))
 *(.fini_array)
 .fini_array    0x2000013c        0x4 c:/siliconlabs/simplicitystudio/v4/developer/toolchains/gnu_arm/7.2_2017q4/bin/../lib/gcc/arm-none-eabi/7.2.1/thumb/v7-m/crtbegin.o
                [!provide]                PROVIDE (__fini_array_end, .)
 *(.jcr*)
                0x20000140                . = ALIGN (0x4)
                0x20000140                __data_end__ = .

.igot.plt       0x20000140        0x0 load address 0x000036ac
 .igot.plt      0x20000140        0x0 c:/siliconlabs/simplicitystudio/v4/developer/toolchains/gnu_arm/7.2_2017q4/bin/../lib/gcc/arm-none-eabi/7.2.1/thumb/v7-m/crtbegin.o

.bss            0x20000140       0x6c load address 0x000036b0
                0x20000140                . = ALIGN (0x4)
                0x20000140                __bss_start__ = .
 *(.bss*)
 .bss           0x20000140       0x1c c:/siliconlabs/simplicitystudio/v4/developer/toolchains/gnu_arm/7.2_2017q4/bin/../lib/gcc/arm-none-eabi/7.2.1/thumb/v7-m/crtbegin.o
 .bss.shiphits  0x2000015c        0xe ./src/main.o
                0x2000015c                shiphits
 .bss.startgame
                0x2000016a        0x1 ./src/main.o
                0x2000016a                startgame
 .bss.youwon    0x2000016b        0x1 ./src/main.o
                0x2000016b                youwon
 .bss.numberOfShots
                0x2000016c        0x4 ./src/main.o
                0x2000016c                numberOfShots
 .bss.activeArrangement
                0x20000170        0x4 ./src/main.o
                0x20000170                activeArrangement
 *fill*         0x20000174        0x4 
 .bss.timer     0x20000178        0x8 ./src/main.o
                0x20000178                timer
 .bss.msTicks   0x20000180        0x4 ./src/main.o
                0x20000180                msTicks
 .bss.__malloc_free_list
                0x20000184        0x4 c:/siliconlabs/simplicitystudio/v4/developer/toolchains/gnu_arm/7.2_2017q4/bin/../lib/gcc/arm-none-eabi/7.2.1/../../../../arm-none-eabi/lib/thumb/v7-m\libc_nano.a(lib_a-nano-mallocr.o)
                0x20000184                __malloc_free_list
 .bss.__malloc_sbrk_start
                0x20000188        0x4 c:/siliconlabs/simplicitystudio/v4/developer/toolchains/gnu_arm/7.2_2017q4/bin/../lib/gcc/arm-none-eabi/7.2.1/../../../../arm-none-eabi/lib/thumb/v7-m\libc_nano.a(lib_a-nano-mallocr.o)
                0x20000188                __malloc_sbrk_start
 .bss.heap_end.4102
                0x2000018c        0x4 c:/siliconlabs/simplicitystudio/v4/developer/toolchains/gnu_arm/7.2_2017q4/bin/../lib/gcc/arm-none-eabi/7.2.1/../../../../arm-none-eabi/lib/thumb/v7-m\libnosys.a(sbrk.o)
 *(COMMON)
 COMMON         0x20000190       0x16 ./src/main.o
                0x20000190                pos
                0x20000198                lowerCharSegments
 *fill*         0x200001a6        0x2 
 COMMON         0x200001a8        0x4 c:/siliconlabs/simplicitystudio/v4/developer/toolchains/gnu_arm/7.2_2017q4/bin/../lib/gcc/arm-none-eabi/7.2.1/../../../../arm-none-eabi/lib/thumb/v7-m\libc_nano.a(lib_a-reent.o)
                0x200001a8                errno
                0x200001ac                . = ALIGN (0x4)
                0x200001ac                __bss_end__ = .

.heap           0x200001b0      0xc00
                0x200001b0                __HeapBase = .
                0x200001b0                __end__ = .
                0x200001b0                end = __end__
                0x200001b0                _end = __end__
 *(.heap*)
 .heap          0x200001b0      0xc00 ./CMSIS/EFM32GG/startup_efm32gg.o
                0x20000db0                __HeapLimit = .

.stack_dummy    0x200001b0      0x400
 *(.stack*)
 .stack         0x200001b0      0x400 ./CMSIS/EFM32GG/startup_efm32gg.o
                0x20020000                __StackTop = (ORIGIN (RAM) + LENGTH (RAM))
                0x2001fc00                __StackLimit = (__StackTop - SIZEOF (.stack_dummy))
                0x20020000                PROVIDE (__stack, __StackTop)
                0x00000001                ASSERT ((__StackLimit >= __HeapLimit), region RAM overflowed with stack)
                0x00000001                ASSERT ((LENGTH (FLASH) >= (__etext + SIZEOF (.data))), FLASH memory overflowed !)
OUTPUT(battleShip.axf elf32-littlearm)

.ARM.attributes
                0x00000000       0x29
 .ARM.attributes
                0x00000000       0x1d c:/siliconlabs/simplicitystudio/v4/developer/toolchains/gnu_arm/7.2_2017q4/bin/../lib/gcc/arm-none-eabi/7.2.1/thumb/v7-m/crti.o
 .ARM.attributes
                0x0000001d       0x2d c:/siliconlabs/simplicitystudio/v4/developer/toolchains/gnu_arm/7.2_2017q4/bin/../lib/gcc/arm-none-eabi/7.2.1/thumb/v7-m/crtbegin.o
 .ARM.attributes
                0x0000004a       0x1b c:/siliconlabs/simplicitystudio/v4/developer/toolchains/gnu_arm/7.2_2017q4/bin/../lib/gcc/arm-none-eabi/7.2.1/../../../../arm-none-eabi/lib/thumb/v7-m/crt0.o
 .ARM.attributes
                0x00000065       0x1b ./CMSIS/EFM32GG/startup_efm32gg.o
 .ARM.attributes
                0x00000080       0x33 ./CMSIS/EFM32GG/system_efm32gg.o
 .ARM.attributes
                0x000000b3       0x33 ./emlib/em_cmu.o
 .ARM.attributes
                0x000000e6       0x33 ./emlib/em_gpio.o
 .ARM.attributes
                0x00000119       0x33 ./emlib/em_lcd.o
 .ARM.attributes
                0x0000014c       0x33 ./emlib/em_system.o
 .ARM.attributes
                0x0000017f       0x33 ./emlib/em_usart.o
 .ARM.attributes
                0x000001b2       0x33 ./emlib/segmentlcd.o
 .ARM.attributes
                0x000001e5       0x33 ./src/control.o
 .ARM.attributes
                0x00000218       0x33 ./src/display.o
 .ARM.attributes
                0x0000024b       0x33 ./src/main.o
 .ARM.attributes
                0x0000027e       0x33 ./src/segmentlcd_individual.o
 .ARM.attributes
                0x000002b1       0x33 ./src/uart.o
 .ARM.attributes
                0x000002e4       0x2d c:/siliconlabs/simplicitystudio/v4/developer/toolchains/gnu_arm/7.2_2017q4/bin/../lib/gcc/arm-none-eabi/7.2.1/../../../../arm-none-eabi/lib/thumb/v7-m\libc_nano.a(lib_a-abs.o)
 .ARM.attributes
                0x00000311       0x2d c:/siliconlabs/simplicitystudio/v4/developer/toolchains/gnu_arm/7.2_2017q4/bin/../lib/gcc/arm-none-eabi/7.2.1/../../../../arm-none-eabi/lib/thumb/v7-m\libc_nano.a(lib_a-exit.o)
 .ARM.attributes
                0x0000033e       0x2d c:/siliconlabs/simplicitystudio/v4/developer/toolchains/gnu_arm/7.2_2017q4/bin/../lib/gcc/arm-none-eabi/7.2.1/../../../../arm-none-eabi/lib/thumb/v7-m\libc_nano.a(lib_a-impure.o)
 .ARM.attributes
                0x0000036b       0x2d c:/siliconlabs/simplicitystudio/v4/developer/toolchains/gnu_arm/7.2_2017q4/bin/../lib/gcc/arm-none-eabi/7.2.1/../../../../arm-none-eabi/lib/thumb/v7-m\libc_nano.a(lib_a-init.o)
 .ARM.attributes
                0x00000398       0x2d c:/siliconlabs/simplicitystudio/v4/developer/toolchains/gnu_arm/7.2_2017q4/bin/../lib/gcc/arm-none-eabi/7.2.1/../../../../arm-none-eabi/lib/thumb/v7-m\libc_nano.a(lib_a-memset.o)
 .ARM.attributes
                0x000003c5       0x2d c:/siliconlabs/simplicitystudio/v4/developer/toolchains/gnu_arm/7.2_2017q4/bin/../lib/gcc/arm-none-eabi/7.2.1/../../../../arm-none-eabi/lib/thumb/v7-m\libc_nano.a(lib_a-rand.o)
 .ARM.attributes
                0x000003f2       0x17 c:/siliconlabs/simplicitystudio/v4/developer/toolchains/gnu_arm/7.2_2017q4/bin/../lib/gcc/arm-none-eabi/7.2.1/../../../../arm-none-eabi/lib/thumb/v7-m\libc_nano.a(lib_a-strlen.o)
 .ARM.attributes
                0x00000409       0x2d c:/siliconlabs/simplicitystudio/v4/developer/toolchains/gnu_arm/7.2_2017q4/bin/../lib/gcc/arm-none-eabi/7.2.1/../../../../arm-none-eabi/lib/thumb/v7-m\libc_nano.a(lib_a-strncpy.o)
 .ARM.attributes
                0x00000436       0x2d c:/siliconlabs/simplicitystudio/v4/developer/toolchains/gnu_arm/7.2_2017q4/bin/../lib/gcc/arm-none-eabi/7.2.1/../../../../arm-none-eabi/lib/thumb/v7-m\libc_nano.a(lib_a-malloc.o)
 .ARM.attributes
                0x00000463       0x2d c:/siliconlabs/simplicitystudio/v4/developer/toolchains/gnu_arm/7.2_2017q4/bin/../lib/gcc/arm-none-eabi/7.2.1/../../../../arm-none-eabi/lib/thumb/v7-m\libc_nano.a(lib_a-nano-mallocr.o)
 .ARM.attributes
                0x00000490       0x2d c:/siliconlabs/simplicitystudio/v4/developer/toolchains/gnu_arm/7.2_2017q4/bin/../lib/gcc/arm-none-eabi/7.2.1/../../../../arm-none-eabi/lib/thumb/v7-m\libc_nano.a(lib_a-sbrkr.o)
 .ARM.attributes
                0x000004bd       0x2d c:/siliconlabs/simplicitystudio/v4/developer/toolchains/gnu_arm/7.2_2017q4/bin/../lib/gcc/arm-none-eabi/7.2.1/../../../../arm-none-eabi/lib/thumb/v7-m\libc_nano.a(lib_a-mlock.o)
 .ARM.attributes
                0x000004ea       0x2d c:/siliconlabs/simplicitystudio/v4/developer/toolchains/gnu_arm/7.2_2017q4/bin/../lib/gcc/arm-none-eabi/7.2.1/../../../../arm-none-eabi/lib/thumb/v7-m\libc_nano.a(lib_a-reent.o)
 .ARM.attributes
                0x00000517       0x2d c:/siliconlabs/simplicitystudio/v4/developer/toolchains/gnu_arm/7.2_2017q4/bin/../lib/gcc/arm-none-eabi/7.2.1/../../../../arm-none-eabi/lib/thumb/v7-m\libnosys.a(sbrk.o)
 .ARM.attributes
                0x00000544       0x2d c:/siliconlabs/simplicitystudio/v4/developer/toolchains/gnu_arm/7.2_2017q4/bin/../lib/gcc/arm-none-eabi/7.2.1/../../../../arm-none-eabi/lib/thumb/v7-m\libnosys.a(_exit.o)
 .ARM.attributes
                0x00000571       0x2d c:/siliconlabs/simplicitystudio/v4/developer/toolchains/gnu_arm/7.2_2017q4/bin/../lib/gcc/arm-none-eabi/7.2.1/thumb/v7-m/crtend.o
 .ARM.attributes
                0x0000059e       0x1d c:/siliconlabs/simplicitystudio/v4/developer/toolchains/gnu_arm/7.2_2017q4/bin/../lib/gcc/arm-none-eabi/7.2.1/thumb/v7-m/crtn.o

.comment        0x00000000       0x7e
 .comment       0x00000000       0x7e ./CMSIS/EFM32GG/system_efm32gg.o
                                 0x7f (size before relaxing)
 .comment       0x0000007e       0x7f ./emlib/em_cmu.o
 .comment       0x0000007e       0x7f ./emlib/em_gpio.o
 .comment       0x0000007e       0x7f ./emlib/em_lcd.o
 .comment       0x0000007e       0x7f ./emlib/em_system.o
 .comment       0x0000007e       0x7f ./emlib/em_usart.o
 .comment       0x0000007e       0x7f ./emlib/segmentlcd.o
 .comment       0x0000007e       0x7f ./src/control.o
 .comment       0x0000007e       0x7f ./src/display.o
 .comment       0x0000007e       0x7f ./src/main.o
 .comment       0x0000007e       0x7f ./src/segmentlcd_individual.o
 .comment       0x0000007e       0x7f ./src/uart.o

.debug_line     0x00000000     0x79a1
 .debug_line    0x00000000       0xd3 ./CMSIS/EFM32GG/startup_efm32gg.o
 .debug_line    0x000000d3      0x896 ./CMSIS/EFM32GG/system_efm32gg.o
 .debug_line    0x00000969     0x1098 ./emlib/em_cmu.o
 .debug_line    0x00001a01      0x9b7 ./emlib/em_gpio.o
 .debug_line    0x000023b8      0xa0b ./emlib/em_lcd.o
 .debug_line    0x00002dc3      0x860 ./emlib/em_system.o
 .debug_line    0x00003623      0xb7e ./emlib/em_usart.o
 .debug_line    0x000041a1      0xd74 ./emlib/segmentlcd.o
 .debug_line    0x00004f15      0x370 ./src/control.o
 .debug_line    0x00005285      0xb2a ./src/display.o
 .debug_line    0x00005daf      0xaf2 ./src/main.o
 .debug_line    0x000068a1      0x86f ./src/segmentlcd_individual.o
 .debug_line    0x00007110      0x891 ./src/uart.o

.debug_info     0x00000000     0x9def
 .debug_info    0x00000000       0x26 ./CMSIS/EFM32GG/startup_efm32gg.o
 .debug_info    0x00000026      0x75f ./CMSIS/EFM32GG/system_efm32gg.o
 .debug_info    0x00000785     0x15ce ./emlib/em_cmu.o
 .debug_info    0x00001d53      0x69e ./emlib/em_gpio.o
 .debug_info    0x000023f1      0xab8 ./emlib/em_lcd.o
 .debug_info    0x00002ea9      0x280 ./emlib/em_system.o
 .debug_info    0x00003129      0xefa ./emlib/em_usart.o
 .debug_info    0x00004023     0x1bb1 ./emlib/segmentlcd.o
 .debug_info    0x00005bd4      0xb5e ./src/control.o
 .debug_info    0x00006732      0xd78 ./src/display.o
 .debug_info    0x000074aa     0x1653 ./src/main.o
 .debug_info    0x00008afd      0x678 ./src/segmentlcd_individual.o
 .debug_info    0x00009175      0xc7a ./src/uart.o

.debug_abbrev   0x00000000     0x199a
 .debug_abbrev  0x00000000       0x14 ./CMSIS/EFM32GG/startup_efm32gg.o
 .debug_abbrev  0x00000014      0x1b5 ./CMSIS/EFM32GG/system_efm32gg.o
 .debug_abbrev  0x000001c9      0x2da ./emlib/em_cmu.o
 .debug_abbrev  0x000004a3      0x1f0 ./emlib/em_gpio.o
 .debug_abbrev  0x00000693      0x21e ./emlib/em_lcd.o
 .debug_abbrev  0x000008b1      0x11d ./emlib/em_system.o
 .debug_abbrev  0x000009ce      0x1fa ./emlib/em_usart.o
 .debug_abbrev  0x00000bc8      0x2b5 ./emlib/segmentlcd.o
 .debug_abbrev  0x00000e7d      0x235 ./src/control.o
 .debug_abbrev  0x000010b2      0x27d ./src/display.o
 .debug_abbrev  0x0000132f      0x303 ./src/main.o
 .debug_abbrev  0x00001632      0x16e ./src/segmentlcd_individual.o
 .debug_abbrev  0x000017a0      0x1fa ./src/uart.o

.debug_aranges  0x00000000      0x638
 .debug_aranges
                0x00000000       0x20 ./CMSIS/EFM32GG/startup_efm32gg.o
 .debug_aranges
                0x00000020       0x70 ./CMSIS/EFM32GG/system_efm32gg.o
 .debug_aranges
                0x00000090      0x180 ./emlib/em_cmu.o
 .debug_aranges
                0x00000210       0x78 ./emlib/em_gpio.o
 .debug_aranges
                0x00000288       0xa8 ./emlib/em_lcd.o
 .debug_aranges
                0x00000330       0x28 ./emlib/em_system.o
 .debug_aranges
                0x00000358       0xd0 ./emlib/em_usart.o
 .debug_aranges
                0x00000428       0xc8 ./emlib/segmentlcd.o
 .debug_aranges
                0x000004f0       0x38 ./src/control.o
 .debug_aranges
                0x00000528       0x48 ./src/display.o
 .debug_aranges
                0x00000570       0x40 ./src/main.o
 .debug_aranges
                0x000005b0       0x38 ./src/segmentlcd_individual.o
 .debug_aranges
                0x000005e8       0x50 ./src/uart.o

.debug_str      0x00000000    0xdeda2
 .debug_str     0x00000000       0xe7 ./CMSIS/EFM32GG/startup_efm32gg.o
 .debug_str     0x000000e7    0xd2859 ./CMSIS/EFM32GG/system_efm32gg.o
                              0xd2ed5 (size before relaxing)
 .debug_str     0x000d2940     0x3eb1 ./emlib/em_cmu.o
                              0xd6c24 (size before relaxing)
 .debug_str     0x000d67f1      0x46a ./emlib/em_gpio.o
                              0xd369e (size before relaxing)
 .debug_str     0x000d6c5b      0x747 ./emlib/em_lcd.o
                              0xd3304 (size before relaxing)
 .debug_str     0x000d73a2       0xfd ./emlib/em_system.o
                              0xd2f84 (size before relaxing)
 .debug_str     0x000d749f      0xd97 ./emlib/em_usart.o
                              0xd4f9a (size before relaxing)
 .debug_str     0x000d8236     0x503c ./emlib/segmentlcd.o
                              0xdb0cf (size before relaxing)
 .debug_str     0x000dd272      0x1b3 ./src/control.o
                               0x6612 (size before relaxing)
 .debug_str     0x000dd425      0x130 ./src/display.o
                              0xd8dbf (size before relaxing)
 .debug_str     0x000dd555      0x946 ./src/main.o
                              0xdb420 (size before relaxing)
 .debug_str     0x000dde9b      0xe98 ./src/segmentlcd_individual.o
                              0xd3c19 (size before relaxing)
 .debug_str     0x000ded33       0x6f ./src/uart.o
                              0xd4fd5 (size before relaxing)

.debug_loc      0x00000000     0x3340
 .debug_loc     0x00000000      0x31c ./CMSIS/EFM32GG/system_efm32gg.o
 .debug_loc     0x0000031c      0xe4c ./emlib/em_cmu.o
 .debug_loc     0x00001168      0x420 ./emlib/em_gpio.o
 .debug_loc     0x00001588      0x648 ./emlib/em_lcd.o
 .debug_loc     0x00001bd0       0xb8 ./emlib/em_system.o
 .debug_loc     0x00001c88      0x7da ./emlib/em_usart.o
 .debug_loc     0x00002462      0x66a ./emlib/segmentlcd.o
 .debug_loc     0x00002acc      0x170 ./src/control.o
 .debug_loc     0x00002c3c      0x1c8 ./src/display.o
 .debug_loc     0x00002e04      0x178 ./src/main.o
 .debug_loc     0x00002f7c      0x158 ./src/segmentlcd_individual.o
 .debug_loc     0x000030d4      0x26c ./src/uart.o

.debug_ranges   0x00000000      0x558
 .debug_ranges  0x00000000       0x60 ./CMSIS/EFM32GG/system_efm32gg.o
 .debug_ranges  0x00000060      0x170 ./emlib/em_cmu.o
 .debug_ranges  0x000001d0       0x68 ./emlib/em_gpio.o
 .debug_ranges  0x00000238       0x98 ./emlib/em_lcd.o
 .debug_ranges  0x000002d0       0x18 ./emlib/em_system.o
 .debug_ranges  0x000002e8       0xc0 ./emlib/em_usart.o
 .debug_ranges  0x000003a8       0xb8 ./emlib/segmentlcd.o
 .debug_ranges  0x00000460       0x28 ./src/control.o
 .debug_ranges  0x00000488       0x38 ./src/display.o
 .debug_ranges  0x000004c0       0x30 ./src/main.o
 .debug_ranges  0x000004f0       0x28 ./src/segmentlcd_individual.o
 .debug_ranges  0x00000518       0x40 ./src/uart.o

.debug_macro    0x00000000    0x2681b
 .debug_macro   0x00000000      0x28e ./CMSIS/EFM32GG/system_efm32gg.o
 .debug_macro   0x0000028e      0xa48 ./CMSIS/EFM32GG/system_efm32gg.o
 .debug_macro   0x00000cd6       0x22 ./CMSIS/EFM32GG/system_efm32gg.o
 .debug_macro   0x00000cf8       0x4f ./CMSIS/EFM32GG/system_efm32gg.o
 .debug_macro   0x00000d47       0x51 ./CMSIS/EFM32GG/system_efm32gg.o
 .debug_macro   0x00000d98       0xef ./CMSIS/EFM32GG/system_efm32gg.o
 .debug_macro   0x00000e87       0x6a ./CMSIS/EFM32GG/system_efm32gg.o
 .debug_macro   0x00000ef1      0x1df ./CMSIS/EFM32GG/system_efm32gg.o
 .debug_macro   0x000010d0      0x39b ./CMSIS/EFM32GG/system_efm32gg.o
 .debug_macro   0x0000146b       0x1c ./CMSIS/EFM32GG/system_efm32gg.o
 .debug_macro   0x00001487       0x22 ./CMSIS/EFM32GG/system_efm32gg.o
 .debug_macro   0x000014a9       0xc3 ./CMSIS/EFM32GG/system_efm32gg.o
 .debug_macro   0x0000156c      0xe18 ./CMSIS/EFM32GG/system_efm32gg.o
 .debug_macro   0x00002384       0xe2 ./CMSIS/EFM32GG/system_efm32gg.o
 .debug_macro   0x00002466     0x286a ./CMSIS/EFM32GG/system_efm32gg.o
 .debug_macro   0x00004cd0      0x39f ./CMSIS/EFM32GG/system_efm32gg.o
 .debug_macro   0x0000506f     0x3f12 ./CMSIS/EFM32GG/system_efm32gg.o
 .debug_macro   0x00008f81      0x9a5 ./CMSIS/EFM32GG/system_efm32gg.o
 .debug_macro   0x00009926      0x6eb ./CMSIS/EFM32GG/system_efm32gg.o
 .debug_macro   0x0000a011      0x284 ./CMSIS/EFM32GG/system_efm32gg.o
 .debug_macro   0x0000a295     0x1e38 ./CMSIS/EFM32GG/system_efm32gg.o
 .debug_macro   0x0000c0cd     0x30cc ./CMSIS/EFM32GG/system_efm32gg.o
 .debug_macro   0x0000f199      0x380 ./CMSIS/EFM32GG/system_efm32gg.o
 .debug_macro   0x0000f519      0x856 ./CMSIS/EFM32GG/system_efm32gg.o
 .debug_macro   0x0000fd6f     0x2310 ./CMSIS/EFM32GG/system_efm32gg.o
 .debug_macro   0x0001207f     0x1bf7 ./CMSIS/EFM32GG/system_efm32gg.o
 .debug_macro   0x00013c76     0x170a ./CMSIS/EFM32GG/system_efm32gg.o
 .debug_macro   0x00015380      0x6d9 ./CMSIS/EFM32GG/system_efm32gg.o
 .debug_macro   0x00015a59     0x106b ./CMSIS/EFM32GG/system_efm32gg.o
 .debug_macro   0x00016ac4     0x1d84 ./CMSIS/EFM32GG/system_efm32gg.o
 .debug_macro   0x00018848      0x33e ./CMSIS/EFM32GG/system_efm32gg.o
 .debug_macro   0x00018b86      0xa67 ./CMSIS/EFM32GG/system_efm32gg.o
 .debug_macro   0x000195ed      0xfe1 ./CMSIS/EFM32GG/system_efm32gg.o
 .debug_macro   0x0001a5ce      0x895 ./CMSIS/EFM32GG/system_efm32gg.o
 .debug_macro   0x0001ae63      0xf86 ./CMSIS/EFM32GG/system_efm32gg.o
 .debug_macro   0x0001bde9     0x12a6 ./CMSIS/EFM32GG/system_efm32gg.o
 .debug_macro   0x0001d08f      0xc4b ./CMSIS/EFM32GG/system_efm32gg.o
 .debug_macro   0x0001dcda      0x74e ./CMSIS/EFM32GG/system_efm32gg.o
 .debug_macro   0x0001e428      0x1ca ./CMSIS/EFM32GG/system_efm32gg.o
 .debug_macro   0x0001e5f2     0x1042 ./CMSIS/EFM32GG/system_efm32gg.o
 .debug_macro   0x0001f634      0x281 ./CMSIS/EFM32GG/system_efm32gg.o
 .debug_macro   0x0001f8b5       0x40 ./CMSIS/EFM32GG/system_efm32gg.o
 .debug_macro   0x0001f8f5      0x250 ./CMSIS/EFM32GG/system_efm32gg.o
 .debug_macro   0x0001fb45      0x1f1 ./CMSIS/EFM32GG/system_efm32gg.o
 .debug_macro   0x0001fd36      0x166 ./CMSIS/EFM32GG/system_efm32gg.o
 .debug_macro   0x0001fe9c      0x253 ./CMSIS/EFM32GG/system_efm32gg.o
 .debug_macro   0x000200ef     0x1bd8 ./CMSIS/EFM32GG/system_efm32gg.o
 .debug_macro   0x00021cc7       0x2e ./CMSIS/EFM32GG/system_efm32gg.o
 .debug_macro   0x00021cf5      0x428 ./CMSIS/EFM32GG/system_efm32gg.o
 .debug_macro   0x0002211d      0x428 ./CMSIS/EFM32GG/system_efm32gg.o
 .debug_macro   0x00022545      0x367 ./emlib/em_cmu.o
 .debug_macro   0x000228ac       0x22 ./emlib/em_cmu.o
 .debug_macro   0x000228ce       0x10 ./emlib/em_cmu.o
 .debug_macro   0x000228de       0xcd ./emlib/em_cmu.o
 .debug_macro   0x000229ab       0x69 ./emlib/em_cmu.o
 .debug_macro   0x00022a14      0x322 ./emlib/em_cmu.o
 .debug_macro   0x00022d36      0x16d ./emlib/em_cmu.o
 .debug_macro   0x00022ea3       0x58 ./emlib/em_cmu.o
 .debug_macro   0x00022efb      0x34d ./emlib/em_cmu.o
 .debug_macro   0x00023248       0x25 ./emlib/em_cmu.o
 .debug_macro   0x0002326d       0xee ./emlib/em_cmu.o
 .debug_macro   0x0002335b       0x1f ./emlib/em_cmu.o
 .debug_macro   0x0002337a      0x2a7 ./emlib/em_gpio.o
 .debug_macro   0x00023621       0xc7 ./emlib/em_gpio.o
 .debug_macro   0x000236e8      0x29b ./emlib/em_lcd.o
 .debug_macro   0x00023983       0x17 ./emlib/em_lcd.o
 .debug_macro   0x0002399a      0x295 ./emlib/em_system.o
 .debug_macro   0x00023c2f      0x2eb ./emlib/em_usart.o
 .debug_macro   0x00023f1a       0xeb ./emlib/em_usart.o
 .debug_macro   0x00024005      0x432 ./emlib/segmentlcd.o
 .debug_macro   0x00024437       0x52 ./emlib/segmentlcd.o
 .debug_macro   0x00024489       0x17 ./emlib/segmentlcd.o
 .debug_macro   0x000244a0       0x55 ./emlib/segmentlcd.o
 .debug_macro   0x000244f5       0x35 ./emlib/segmentlcd.o
 .debug_macro   0x0002452a       0x9c ./emlib/segmentlcd.o
 .debug_macro   0x000245c6       0x16 ./emlib/segmentlcd.o
 .debug_macro   0x000245dc       0x57 ./emlib/segmentlcd.o
 .debug_macro   0x00024633       0x97 ./emlib/segmentlcd.o
 .debug_macro   0x000246ca      0x353 ./emlib/segmentlcd.o
 .debug_macro   0x00024a1d       0xf6 ./emlib/segmentlcd.o
 .debug_macro   0x00024b13       0x10 ./emlib/segmentlcd.o
 .debug_macro   0x00024b23       0x58 ./emlib/segmentlcd.o
 .debug_macro   0x00024b7b       0x1f ./emlib/segmentlcd.o
 .debug_macro   0x00024b9a       0x43 ./emlib/segmentlcd.o
 .debug_macro   0x00024bdd       0x20 ./emlib/segmentlcd.o
 .debug_macro   0x00024bfd      0x18e ./emlib/segmentlcd.o
 .debug_macro   0x00024d8b       0x10 ./emlib/segmentlcd.o
 .debug_macro   0x00024d9b       0xb6 ./emlib/segmentlcd.o
 .debug_macro   0x00024e51       0x16 ./emlib/segmentlcd.o
 .debug_macro   0x00024e67      0x129 ./emlib/segmentlcd.o
 .debug_macro   0x00024f90       0x16 ./emlib/segmentlcd.o
 .debug_macro   0x00024fa6       0x35 ./emlib/segmentlcd.o
 .debug_macro   0x00024fdb       0x16 ./emlib/segmentlcd.o
 .debug_macro   0x00024ff1       0x22 ./emlib/segmentlcd.o
 .debug_macro   0x00025013       0xbd ./emlib/segmentlcd.o
 .debug_macro   0x000250d0       0x1d ./emlib/segmentlcd.o
 .debug_macro   0x000250ed      0x117 ./emlib/segmentlcd.o
 .debug_macro   0x00025204       0x22 ./emlib/segmentlcd.o
 .debug_macro   0x00025226      0x146 ./src/control.o
 .debug_macro   0x0002536c       0x10 ./src/control.o
 .debug_macro   0x0002537c       0x10 ./src/control.o
 .debug_macro   0x0002538c       0x10 ./src/control.o
 .debug_macro   0x0002539c       0x2e ./src/control.o
 .debug_macro   0x000253ca      0x3f3 ./src/display.o
 .debug_macro   0x000257bd       0x10 ./src/display.o
 .debug_macro   0x000257cd      0x10e ./src/display.o
 .debug_macro   0x000258db       0x86 ./src/display.o
 .debug_macro   0x00025961       0x16 ./src/display.o
 .debug_macro   0x00025977      0x452 ./src/main.o
 .debug_macro   0x00025dc9       0xba ./src/main.o
 .debug_macro   0x00025e83      0x328 ./src/main.o
 .debug_macro   0x000261ab       0x16 ./src/main.o
 .debug_macro   0x000261c1       0xf1 ./src/main.o
 .debug_macro   0x000262b2      0x2a3 ./src/segmentlcd_individual.o
 .debug_macro   0x00026555      0x2c6 ./src/uart.o

.debug_frame    0x00000000     0x1a44
 .debug_frame   0x00000000      0x180 ./CMSIS/EFM32GG/system_efm32gg.o
 .debug_frame   0x00000180      0x690 ./emlib/em_cmu.o
 .debug_frame   0x00000810      0x1e0 ./emlib/em_gpio.o
 .debug_frame   0x000009f0      0x2d0 ./emlib/em_lcd.o
 .debug_frame   0x00000cc0       0x60 ./emlib/em_system.o
 .debug_frame   0x00000d20      0x388 ./emlib/em_usart.o
 .debug_frame   0x000010a8      0x318 ./emlib/segmentlcd.o
 .debug_frame   0x000013c0       0xb0 ./src/control.o
 .debug_frame   0x00001470       0xec ./src/display.o
 .debug_frame   0x0000155c       0xc0 ./src/main.o
 .debug_frame   0x0000161c       0xa8 ./src/segmentlcd_individual.o
 .debug_frame   0x000016c4      0x124 ./src/uart.o
 .debug_frame   0x000017e8       0x20 c:/siliconlabs/simplicitystudio/v4/developer/toolchains/gnu_arm/7.2_2017q4/bin/../lib/gcc/arm-none-eabi/7.2.1/../../../../arm-none-eabi/lib/thumb/v7-m\libc_nano.a(lib_a-abs.o)
 .debug_frame   0x00001808       0x28 c:/siliconlabs/simplicitystudio/v4/developer/toolchains/gnu_arm/7.2_2017q4/bin/../lib/gcc/arm-none-eabi/7.2.1/../../../../arm-none-eabi/lib/thumb/v7-m\libc_nano.a(lib_a-exit.o)
 .debug_frame   0x00001830       0x2c c:/siliconlabs/simplicitystudio/v4/developer/toolchains/gnu_arm/7.2_2017q4/bin/../lib/gcc/arm-none-eabi/7.2.1/../../../../arm-none-eabi/lib/thumb/v7-m\libc_nano.a(lib_a-init.o)
 .debug_frame   0x0000185c       0x20 c:/siliconlabs/simplicitystudio/v4/developer/toolchains/gnu_arm/7.2_2017q4/bin/../lib/gcc/arm-none-eabi/7.2.1/../../../../arm-none-eabi/lib/thumb/v7-m\libc_nano.a(lib_a-memset.o)
 .debug_frame   0x0000187c       0x48 c:/siliconlabs/simplicitystudio/v4/developer/toolchains/gnu_arm/7.2_2017q4/bin/../lib/gcc/arm-none-eabi/7.2.1/../../../../arm-none-eabi/lib/thumb/v7-m\libc_nano.a(lib_a-rand.o)
 .debug_frame   0x000018c4       0x2c c:/siliconlabs/simplicitystudio/v4/developer/toolchains/gnu_arm/7.2_2017q4/bin/../lib/gcc/arm-none-eabi/7.2.1/../../../../arm-none-eabi/lib/thumb/v7-m\libc_nano.a(lib_a-strncpy.o)
 .debug_frame   0x000018f0       0x30 c:/siliconlabs/simplicitystudio/v4/developer/toolchains/gnu_arm/7.2_2017q4/bin/../lib/gcc/arm-none-eabi/7.2.1/../../../../arm-none-eabi/lib/thumb/v7-m\libc_nano.a(lib_a-malloc.o)
 .debug_frame   0x00001920       0x2c c:/siliconlabs/simplicitystudio/v4/developer/toolchains/gnu_arm/7.2_2017q4/bin/../lib/gcc/arm-none-eabi/7.2.1/../../../../arm-none-eabi/lib/thumb/v7-m\libc_nano.a(lib_a-nano-mallocr.o)
 .debug_frame   0x0000194c       0x2c c:/siliconlabs/simplicitystudio/v4/developer/toolchains/gnu_arm/7.2_2017q4/bin/../lib/gcc/arm-none-eabi/7.2.1/../../../../arm-none-eabi/lib/thumb/v7-m\libc_nano.a(lib_a-sbrkr.o)
 .debug_frame   0x00001978       0x30 c:/siliconlabs/simplicitystudio/v4/developer/toolchains/gnu_arm/7.2_2017q4/bin/../lib/gcc/arm-none-eabi/7.2.1/../../../../arm-none-eabi/lib/thumb/v7-m\libc_nano.a(lib_a-mlock.o)
 .debug_frame   0x000019a8       0x5c c:/siliconlabs/simplicitystudio/v4/developer/toolchains/gnu_arm/7.2_2017q4/bin/../lib/gcc/arm-none-eabi/7.2.1/../../../../arm-none-eabi/lib/thumb/v7-m\libc_nano.a(lib_a-reent.o)
 .debug_frame   0x00001a04       0x20 c:/siliconlabs/simplicitystudio/v4/developer/toolchains/gnu_arm/7.2_2017q4/bin/../lib/gcc/arm-none-eabi/7.2.1/../../../../arm-none-eabi/lib/thumb/v7-m\libnosys.a(sbrk.o)
 .debug_frame   0x00001a24       0x20 c:/siliconlabs/simplicitystudio/v4/developer/toolchains/gnu_arm/7.2_2017q4/bin/../lib/gcc/arm-none-eabi/7.2.1/../../../../arm-none-eabi/lib/thumb/v7-m\libnosys.a(_exit.o)
